Copyright 1986-2019 Xilinx, Inc. All Rights Reserved.
------------------------------------------------------------------------------------
| Tool Version : Vivado v.2019.1 (win64) Build 2552052 Fri May 24 14:49:42 MDT 2019
| Date         : Thu Apr 23 13:08:20 2026
| Host         : DESKTOP-DC35DBT running 64-bit major release  (build 9200)
| Command      : upgrade_ip
| Device       : xc7k325tffg900-2
------------------------------------------------------------------------------------

Upgrade Log for IP 'wrfifo'

1. Summary
----------

SUCCESS in the upgrade of wrfifo (xilinx.com:ip:fifo_generator:13.2) from (Rev. 3) to (Rev. 4)






Copyright 1986-2019 Xilinx, Inc. All Rights Reserved.
------------------------------------------------------------------------------------
| Tool Version : Vivado v.2019.1 (win64) Build 2552052 Fri May 24 14:49:42 MDT 2019
| Date         : Thu Apr 23 13:07:59 2026
| Host         : DESKTOP-DC35DBT running 64-bit major release  (build 9200)
| Command      : upgrade_ip
| Device       : xc7k325tffg900-2
------------------------------------------------------------------------------------

Upgrade Log for IP 'rdfifo'

1. Summary
----------

SUCCESS in the upgrade of rdfifo (xilinx.com:ip:fifo_generator:13.2) from (Rev. 3) to (Rev. 4)






Copyright 1986-2019 Xilinx, Inc. All Rights Reserved.
------------------------------------------------------------------------------------
| Tool Version : Vivado v.2019.1 (win64) Build 2552052 Fri May 24 14:49:42 MDT 2019
| Date         : Thu Apr 23 13:07:40 2026
| Host         : DESKTOP-DC35DBT running 64-bit major release  (build 9200)
| Command      : upgrade_ip
| Device       : xc7k325tffg900-2
------------------------------------------------------------------------------------

Upgrade Log for IP 'mig_7series_0'

1. Summary
----------

SUCCESS in the upgrade of mig_7series_0 (xilinx.com:ip:mig_7series:4.2) to (Rev. 1)






Copyright 1986-2019 Xilinx, Inc. All Rights Reserved.
------------------------------------------------------------------------------------
| Tool Version : Vivado v.2019.1 (win64) Build 2552052 Fri May 24 14:49:42 MDT 2019
| Date         : Thu Apr 23 13:07:14 2026
| Host         : DESKTOP-DC35DBT running 64-bit major release  (build 9200)
| Command      : upgrade_ip
| Device       : xc7k325tffg900-2
------------------------------------------------------------------------------------

Upgrade Log for IP 'fifo_generator_0'

1. Summary
----------

SUCCESS in the upgrade of fifo_generator_0 (xilinx.com:ip:fifo_generator:13.2) from (Rev. 3) to (Rev. 4)






Copyright 1986-2019 Xilinx, Inc. All Rights Reserved.
------------------------------------------------------------------------------------
| Tool Version : Vivado v.2019.1 (win64) Build 2552052 Fri May 24 14:49:42 MDT 2019
| Date         : Thu Apr 23 13:07:01 2026
| Host         : DESKTOP-DC35DBT running 64-bit major release  (build 9200)
| Command      : upgrade_ip
| Device       : xc7k325tffg900-2
------------------------------------------------------------------------------------

Upgrade Log for IP 'clk_wiz_0'

1. Summary
----------

SUCCESS in the upgrade of clk_wiz_0 (xilinx.com:ip:clk_wiz:6.0) from (Rev. 2) to (Rev. 3)

