#-----------------------------------------------------------
# Vivado v2019.1 (64-bit)
# SW Build 2552052 on Fri May 24 14:49:42 MDT 2019
# IP Build 2548770 on Fri May 24 18:01:18 MDT 2019
# Start of session at: Thu Apr 23 13:54:17 2026
# Process ID: 18060
# Current directory: C:/Users/Hello/Desktop/FPGA项目/FPGA-IMAGE-01/UDH
# Command line: vivado.exe -gui_launcher_event rodinguilauncherevent12944 C:\Users\Hello\Desktop\FPGA项目\FPGA-IMAGE-01\UDH\UDH.xpr
# Log file: C:/Users/Hello/Desktop/FPGA项目/FPGA-IMAGE-01/UDH/vivado.log
# Journal file: C:/Users/Hello/Desktop/FPGA项目/FPGA-IMAGE-01/UDH\vivado.jou
#-----------------------------------------------------------
start_gui
open_project C:/Users/Hello/Desktop/FPGA项目/FPGA-IMAGE-01/UDH/UDH.xpr
Scanning sources...
Finished scanning sources
INFO: [IP_Flow 19-234] Refreshing IP repositories
INFO: [IP_Flow 19-1704] No user IP repositories specified
INFO: [IP_Flow 19-2313] Loaded Vivado IP repository 'C:/xilinx/Vivado/2019.1/data/ip'.
WARNING: [IP_Flow 19-3664] IP 'rdfifo' generated file not found 'c:/Users/Hello/Desktop/FPGA项目/FPGA-IMAGE-01/UDH/UDH.srcs/sources_1/ip/rdfifo/rdfifo.dcp'. Please regenerate to continue.
WARNING: [IP_Flow 19-3664] IP 'rdfifo' generated file not found 'c:/Users/Hello/Desktop/FPGA项目/FPGA-IMAGE-01/UDH/UDH.srcs/sources_1/ip/rdfifo/rdfifo_stub.v'. Please regenerate to continue.
WARNING: [IP_Flow 19-3664] IP 'rdfifo' generated file not found 'c:/Users/Hello/Desktop/FPGA项目/FPGA-IMAGE-01/UDH/UDH.srcs/sources_1/ip/rdfifo/rdfifo_stub.vhdl'. Please regenerate to continue.
WARNING: [IP_Flow 19-3664] IP 'rdfifo' generated file not found 'c:/Users/Hello/Desktop/FPGA项目/FPGA-IMAGE-01/UDH/UDH.srcs/sources_1/ip/rdfifo/rdfifo_sim_netlist.v'. Please regenerate to continue.
WARNING: [IP_Flow 19-3664] IP 'rdfifo' generated file not found 'c:/Users/Hello/Desktop/FPGA项目/FPGA-IMAGE-01/UDH/UDH.srcs/sources_1/ip/rdfifo/rdfifo_sim_netlist.vhdl'. Please regenerate to continue.
WARNING: [IP_Flow 19-3664] IP 'fifo_generator_0' generated file not found 'c:/Users/Hello/Desktop/FPGA项目/FPGA-IMAGE-01/UDH/UDH.srcs/sources_1/ip/fifo_generator_0/fifo_generator_0.dcp'. Please regenerate to continue.
WARNING: [IP_Flow 19-3664] IP 'fifo_generator_0' generated file not found 'c:/Users/Hello/Desktop/FPGA项目/FPGA-IMAGE-01/UDH/UDH.srcs/sources_1/ip/fifo_generator_0/fifo_generator_0_stub.v'. Please regenerate to continue.
WARNING: [IP_Flow 19-3664] IP 'fifo_generator_0' generated file not found 'c:/Users/Hello/Desktop/FPGA项目/FPGA-IMAGE-01/UDH/UDH.srcs/sources_1/ip/fifo_generator_0/fifo_generator_0_stub.vhdl'. Please regenerate to continue.
WARNING: [IP_Flow 19-3664] IP 'fifo_generator_0' generated file not found 'c:/Users/Hello/Desktop/FPGA项目/FPGA-IMAGE-01/UDH/UDH.srcs/sources_1/ip/fifo_generator_0/fifo_generator_0_sim_netlist.v'. Please regenerate to continue.
WARNING: [IP_Flow 19-3664] IP 'fifo_generator_0' generated file not found 'c:/Users/Hello/Desktop/FPGA项目/FPGA-IMAGE-01/UDH/UDH.srcs/sources_1/ip/fifo_generator_0/fifo_generator_0_sim_netlist.vhdl'. Please regenerate to continue.
WARNING: [IP_Flow 19-3664] IP 'clk_wiz_0' generated file not found 'c:/Users/Hello/Desktop/FPGA项目/FPGA-IMAGE-01/UDH/UDH.srcs/sources_1/ip/clk_wiz_0/clk_wiz_0.dcp'. Please regenerate to continue.
WARNING: [IP_Flow 19-3664] IP 'clk_wiz_0' generated file not found 'c:/Users/Hello/Desktop/FPGA项目/FPGA-IMAGE-01/UDH/UDH.srcs/sources_1/ip/clk_wiz_0/clk_wiz_0_stub.v'. Please regenerate to continue.
WARNING: [IP_Flow 19-3664] IP 'clk_wiz_0' generated file not found 'c:/Users/Hello/Desktop/FPGA项目/FPGA-IMAGE-01/UDH/UDH.srcs/sources_1/ip/clk_wiz_0/clk_wiz_0_stub.vhdl'. Please regenerate to continue.
WARNING: [IP_Flow 19-3664] IP 'clk_wiz_0' generated file not found 'c:/Users/Hello/Desktop/FPGA项目/FPGA-IMAGE-01/UDH/UDH.srcs/sources_1/ip/clk_wiz_0/clk_wiz_0_sim_netlist.v'. Please regenerate to continue.
WARNING: [IP_Flow 19-3664] IP 'clk_wiz_0' generated file not found 'c:/Users/Hello/Desktop/FPGA项目/FPGA-IMAGE-01/UDH/UDH.srcs/sources_1/ip/clk_wiz_0/clk_wiz_0_sim_netlist.vhdl'. Please regenerate to continue.
WARNING: [IP_Flow 19-3664] IP 'wrfifo' generated file not found 'c:/Users/Hello/Desktop/FPGA项目/FPGA-IMAGE-01/UDH/UDH.srcs/sources_1/ip/wrfifo/wrfifo.dcp'. Please regenerate to continue.
WARNING: [IP_Flow 19-3664] IP 'wrfifo' generated file not found 'c:/Users/Hello/Desktop/FPGA项目/FPGA-IMAGE-01/UDH/UDH.srcs/sources_1/ip/wrfifo/wrfifo_stub.v'. Please regenerate to continue.
WARNING: [IP_Flow 19-3664] IP 'wrfifo' generated file not found 'c:/Users/Hello/Desktop/FPGA项目/FPGA-IMAGE-01/UDH/UDH.srcs/sources_1/ip/wrfifo/wrfifo_stub.vhdl'. Please regenerate to continue.
WARNING: [IP_Flow 19-3664] IP 'wrfifo' generated file not found 'c:/Users/Hello/Desktop/FPGA项目/FPGA-IMAGE-01/UDH/UDH.srcs/sources_1/ip/wrfifo/wrfifo_sim_netlist.v'. Please regenerate to continue.
WARNING: [IP_Flow 19-3664] IP 'wrfifo' generated file not found 'c:/Users/Hello/Desktop/FPGA项目/FPGA-IMAGE-01/UDH/UDH.srcs/sources_1/ip/wrfifo/wrfifo_sim_netlist.vhdl'. Please regenerate to continue.
WARNING: [IP_Flow 19-3664] IP 'mig_7series_0' generated file not found 'c:/Users/Hello/Desktop/FPGA项目/FPGA-IMAGE-01/UDH/UDH.srcs/sources_1/ip/mig_7series_0/mig_7series_0.dcp'. Please regenerate to continue.
WARNING: [IP_Flow 19-3664] IP 'mig_7series_0' generated file not found 'c:/Users/Hello/Desktop/FPGA项目/FPGA-IMAGE-01/UDH/UDH.srcs/sources_1/ip/mig_7series_0/mig_7series_0_stub.v'. Please regenerate to continue.
WARNING: [IP_Flow 19-3664] IP 'mig_7series_0' generated file not found 'c:/Users/Hello/Desktop/FPGA项目/FPGA-IMAGE-01/UDH/UDH.srcs/sources_1/ip/mig_7series_0/mig_7series_0_stub.vhdl'. Please regenerate to continue.
WARNING: [IP_Flow 19-3664] IP 'mig_7series_0' generated file not found 'c:/Users/Hello/Desktop/FPGA项目/FPGA-IMAGE-01/UDH/UDH.srcs/sources_1/ip/mig_7series_0/mig_7series_0_sim_netlist.v'. Please regenerate to continue.
WARNING: [IP_Flow 19-3664] IP 'mig_7series_0' generated file not found 'c:/Users/Hello/Desktop/FPGA项目/FPGA-IMAGE-01/UDH/UDH.srcs/sources_1/ip/mig_7series_0/mig_7series_0_sim_netlist.vhdl'. Please regenerate to continue.
open_project: Time (s): cpu = 00:00:19 ; elapsed = 00:00:11 . Memory (MB): peak = 880.328 ; gain = 215.301
update_compile_order -fileset sources_1
exit
INFO: [Common 17-206] Exiting Vivado at Thu Apr 23 13:55:09 2026...
