#-----------------------------------------------------------
# Vivado v2019.1 (64-bit)
# SW Build 2552052 on Fri May 24 14:49:42 MDT 2019
# IP Build 2548770 on Fri May 24 18:01:18 MDT 2019
# Start of session at: Thu Apr 23 13:04:52 2026
# Process ID: 11296
# Current directory: C:/Users/Hello/Desktop/FPGA项目/FPGA-IMAGE-01/UDH
# Command line: vivado.exe -gui_launcher_event rodinguilauncherevent20776 C:\Users\Hello\Desktop\FPGA项目\FPGA-IMAGE-01\UDH\UDH.xpr
# Log file: C:/Users/Hello/Desktop/FPGA项目/FPGA-IMAGE-01/UDH/vivado.log
# Journal file: C:/Users/Hello/Desktop/FPGA项目/FPGA-IMAGE-01/UDH\vivado.jou
#-----------------------------------------------------------
start_gui
open_project C:/Users/Hello/Desktop/FPGA项目/FPGA-IMAGE-01/UDH/UDH.xpr
report_ip_status -name ip_status 
update_compile_order -fileset sources_1
upgrade_ip -srcset clk_wiz_0 -vlnv xilinx.com:ip:clk_wiz:6.0 [get_ips  clk_wiz_0] -log ip_upgrade.log
export_ip_user_files -of_objects [get_ips clk_wiz_0] -no_script -sync -force -quiet
update_compile_order -fileset sources_1
upgrade_ip -srcset fifo_generator_0 -vlnv xilinx.com:ip:fifo_generator:13.2 [get_ips  fifo_generator_0] -log ip_upgrade.log
export_ip_user_files -of_objects [get_ips fifo_generator_0] -no_script -sync -force -quiet
update_compile_order -fileset sources_1
upgrade_ip -srcset mig_7series_0 -vlnv xilinx.com:ip:mig_7series:4.2 [get_ips  mig_7series_0] -log ip_upgrade.log
export_ip_user_files -of_objects [get_ips mig_7series_0] -no_script -sync -force -quiet
update_compile_order -fileset sources_1
upgrade_ip -srcset rdfifo -vlnv xilinx.com:ip:fifo_generator:13.2 [get_ips  rdfifo] -log ip_upgrade.log
export_ip_user_files -of_objects [get_ips rdfifo] -no_script -sync -force -quiet
update_compile_order -fileset sources_1
upgrade_ip -srcset wrfifo -vlnv xilinx.com:ip:fifo_generator:13.2 [get_ips  wrfifo] -log ip_upgrade.log
export_ip_user_files -of_objects [get_ips wrfifo] -no_script -sync -force -quiet
update_compile_order -fileset sources_1
reset_run synth_1
launch_runs synth_1 -jobs 16
wait_on_run synth_1
report_ip_status -name ip_status 
reset_run rdfifo_synth_1
reset_run fifo_generator_0_synth_1
reset_run clk_wiz_0_synth_1
reset_run wrfifo_synth_1
reset_run mig_7series_0_synth_1
reset_run synth_1
launch_runs synth_1 -jobs 16
wait_on_run synth_1
