#-----------------------------------------------------------
# Vivado v2019.1 (64-bit)
# SW Build 2552052 on Fri May 24 14:49:42 MDT 2019
# IP Build 2548770 on Fri May 24 18:01:18 MDT 2019
# Start of session at: Thu Apr 23 13:04:52 2026
# Process ID: 11296
# Current directory: C:/Users/Hello/Desktop/FPGA项目/FPGA-IMAGE-01/UDH
# Command line: vivado.exe -gui_launcher_event rodinguilauncherevent20776 C:\Users\Hello\Desktop\FPGA项目\FPGA-IMAGE-01\UDH\UDH.xpr
# Log file: C:/Users/Hello/Desktop/FPGA项目/FPGA-IMAGE-01/UDH/vivado.log
# Journal file: C:/Users/Hello/Desktop/FPGA项目/FPGA-IMAGE-01/UDH\vivado.jou
#-----------------------------------------------------------
start_gui
exit
INFO: [Common 17-206] Exiting Vivado at Thu Apr 23 13:06:12 2026...
FO: [Project 1-313] Project file moved from 'C:/Users/Hello/Desktop/FPGA/DL-UDH-K7/UDH' since last save.
Scanning sources...
Finished scanning sources
INFO: [IP_Flow 19-234] Refreshing IP repositories
INFO: [IP_Flow 19-1704] No user IP repositories specified
INFO: [IP_Flow 19-2313] Loaded Vivado IP repository 'C:/xilinx/Vivado/2019.1/data/ip'.
WARNING: [IP_Flow 19-2162] IP 'clk_wiz_0' is locked:
* IP definition 'Clocking Wizard (6.0)' for IP 'clk_wiz_0' (customized with software release 2018.3) has a different revision in the IP Catalog.
WARNING: [IP_Flow 19-2162] IP 'fifo_generator_0' is locked:
* IP definition 'FIFO Generator (13.2)' for IP 'fifo_generator_0' (customized with software release 2018.3) has a different revision in the IP Catalog.
WARNING: [IP_Flow 19-2162] IP 'rdfifo' is locked:
* IP definition 'FIFO Generator (13.2)' for IP 'rdfifo' (customized with software release 2018.3) has a different revision in the IP Catalog.
WARNING: [IP_Flow 19-2162] IP 'wrfifo' is locked:
* IP definition 'FIFO Generator (13.2)' for IP 'wrfifo' (customized with software release 2018.3) has a different revision in the IP Catalog.
WARNING: [IP_Flow 19-2162] IP 'mig_7series_0' is locked:
* IP definition 'Memory Interface Generator (MIG 7 Series) (4.2)' for IP 'mig_7series_0' (customized with software release 2018.3) has a different revision in the IP Catalog.
INFO: [Project 1-230] Project 'UDH.xpr' upgraded for this version of Vivado.
open_project: Time (s): cpu = 00:00:26 ; elapsed = 00:00:13 . Memory (MB): peak = 872.141 ; gain = 248.625
report_ip_status -name ip_status 
update_compile_order -fileset sources_1
upgrade_ip -srcset clk_wiz_0 -vlnv xilinx.com:ip:clk_wiz:6.0 [get_ips  clk_wiz_0] -log ip_upgrade.log
Upgrading 'clk_wiz_0'
INFO: [Project 1-386] Moving file 'C:/Users/Hello/Desktop/FPGA项目/FPGA-IMAGE-01/UDH/UDH.srcs/sources_1/ip/clk_wiz_0/clk_wiz_0.xci' from fileset 'clk_wiz_0' to fileset 'sources_1'.
INFO: [IP_Flow 19-3422] Upgraded clk_wiz_0 (Clocking Wizard 6.0) from revision 2 to revision 3
INFO: [IP_Flow 19-1686] Generating 'Instantiation Template' target for IP 'clk_wiz_0'...
INFO: [Coretcl 2-1525] Wrote upgrade log to 'C:/Users/Hello/Desktop/FPGA项目/FPGA-IMAGE-01/UDH/ip_upgrade.log'.
upgrade_ip: Time (s): cpu = 00:00:08 ; elapsed = 00:00:07 . Memory (MB): peak = 1156.320 ; gain = 107.438
export_ip_user_files -of_objects [get_ips clk_wiz_0] -no_script -sync -force -quiet
update_compile_order -fileset sources_1
upgrade_ip -srcset fifo_generator_0 -vlnv xilinx.com:ip:fifo_generator:13.2 [get_ips  fifo_generator_0] -log ip_upgrade.log
Upgrading 'fifo_generator_0'
INFO: [Project 1-386] Moving file 'C:/Users/Hello/Desktop/FPGA项目/FPGA-IMAGE-01/UDH/UDH.srcs/sources_1/ip/fifo_generator_0/fifo_generator_0.xci' from fileset 'fifo_generator_0' to fileset 'sources_1'.
INFO: [IP_Flow 19-3422] Upgraded fifo_generator_0 (FIFO Generator 13.2) from revision 3 to revision 4
INFO: [IP_Flow 19-1686] Generating 'Instantiation Template' target for IP 'fifo_generator_0'...
INFO: [Coretcl 2-1525] Wrote upgrade log to 'C:/Users/Hello/Desktop/FPGA项目/FPGA-IMAGE-01/UDH/ip_upgrade.log'.
export_ip_user_files -of_objects [get_ips fifo_generator_0] -no_script -sync -force -quiet
update_compile_order -fileset sources_1
upgrade_ip -srcset mig_7series_0 -vlnv xilinx.com:ip:mig_7series:4.2 [get_ips  mig_7series_0] -log ip_upgrade.log
Upgrading 'mig_7series_0'
INFO: [Project 1-386] Moving file 'C:/Users/Hello/Desktop/FPGA项目/FPGA-IMAGE-01/UDH/UDH.srcs/sources_1/ip/mig_7series_0/mig_7series_0.xci' from fileset 'mig_7series_0' to fileset 'sources_1'.
INFO: [IP_Flow 19-3422] Upgraded mig_7series_0 (Memory Interface Generator (MIG 7 Series) 4.2) from revision 0 to revision 1
INFO: [IP_Flow 19-1686] Generating 'Instantiation Template' target for IP 'mig_7series_0'...
INFO: [Coretcl 2-1525] Wrote upgrade log to 'C:/Users/Hello/Desktop/FPGA项目/FPGA-IMAGE-01/UDH/ip_upgrade.log'.
upgrade_ip: Time (s): cpu = 00:00:17 ; elapsed = 00:00:17 . Memory (MB): peak = 1247.742 ; gain = 78.965
export_ip_user_files -of_objects [get_ips mig_7series_0] -no_script -sync -force -quiet
update_compile_order -fileset sources_1
upgrade_ip -srcset rdfifo -vlnv xilinx.com:ip:fifo_generator:13.2 [get_ips  rdfifo] -log ip_upgrade.log
Upgrading 'rdfifo'
INFO: [Project 1-386] Moving file 'C:/Users/Hello/Desktop/FPGA项目/FPGA-IMAGE-01/UDH/UDH.srcs/sources_1/ip/rdfifo/rdfifo.xci' from fileset 'rdfifo' to fileset 'sources_1'.
INFO: [IP_Flow 19-3422] Upgraded rdfifo (FIFO Generator 13.2) from revision 3 to revision 4
INFO: [IP_Flow 19-1686] Generating 'Instantiation Template' target for IP 'rdfifo'...
INFO: [Coretcl 2-1525] Wrote upgrade log to 'C:/Users/Hello/Desktop/FPGA项目/FPGA-IMAGE-01/UDH/ip_upgrade.log'.
export_ip_user_files -of_objects [get_ips rdfifo] -no_script -sync -force -quiet
update_compile_order -fileset sources_1
upgrade_ip -srcset wrfifo -vlnv xilinx.com:ip:fifo_generator:13.2 [get_ips  wrfifo] -log ip_upgrade.log
Upgrading 'wrfifo'
INFO: [Project 1-386] Moving file 'C:/Users/Hello/Desktop/FPGA项目/FPGA-IMAGE-01/UDH/UDH.srcs/sources_1/ip/wrfifo/wrfifo.xci' from fileset 'wrfifo' to fileset 'sources_1'.
INFO: [IP_Flow 19-3422] Upgraded wrfifo (FIFO Generator 13.2) from revision 3 to revision 4
INFO: [IP_Flow 19-1686] Generating 'Instantiation Template' target for IP 'wrfifo'...
INFO: [Coretcl 2-1525] Wrote upgrade log to 'C:/Users/Hello/Desktop/FPGA项目/FPGA-IMAGE-01/UDH/ip_upgrade.log'.
export_ip_user_files -of_objects [get_ips wrfifo] -no_script -sync -force -quiet
update_compile_order -fileset sources_1
reset_run synth_1
launch_runs synth_1 -jobs 16
INFO: [IP_Flow 19-1686] Generating 'Synthesis' target for IP 'mig_7series_0'...
INFO: [IP_Flow 19-1686] Generating 'Implementation' target for IP 'mig_7series_0'...
INFO: [IP_Flow 19-1686] Generating 'Synthesis' target for IP 'rdfifo'...
INFO: [IP_Flow 19-1686] Generating 'Synthesis' target for IP 'wrfifo'...
INFO: [IP_Flow 19-1686] Generating 'Synthesis' target for IP 'fifo_generator_0'...
INFO: [IP_Flow 19-1686] Generating 'Synthesis' target for IP 'clk_wiz_0'...
INFO: [IP_Flow 19-1686] Generating 'Implementation' target for IP 'clk_wiz_0'...
[Thu Apr 23 13:09:00 2026] Launched rdfifo_synth_1, fifo_generator_0_synth_1, clk_wiz_0_synth_1, wrfifo_synth_1, mig_7series_0_synth_1...
Run output will be captured here:
rdfifo_synth_1: C:/Users/Hello/Desktop/FPGA项目/FPGA-IMAGE-01/UDH/UDH.runs/rdfifo_synth_1/runme.log
fifo_generator_0_synth_1: C:/Users/Hello/Desktop/FPGA项目/FPGA-IMAGE-01/UDH/UDH.runs/fifo_generator_0_synth_1/runme.log
clk_wiz_0_synth_1: C:/Users/Hello/Desktop/FPGA项目/FPGA-IMAGE-01/UDH/UDH.runs/clk_wiz_0_synth_1/runme.log
wrfifo_synth_1: C:/Users/Hello/Desktop/FPGA项目/FPGA-IMAGE-01/UDH/UDH.runs/wrfifo_synth_1/runme.log
mig_7series_0_synth_1: C:/Users/Hello/Desktop/FPGA项目/FPGA-IMAGE-01/UDH/UDH.runs/mig_7series_0_synth_1/runme.log
[Thu Apr 23 13:09:01 2026] Launched synth_1...
Run output will be captured here: C:/Users/Hello/Desktop/FPGA项目/FPGA-IMAGE-01/UDH/UDH.runs/synth_1/runme.log
launch_runs: Time (s): cpu = 00:00:21 ; elapsed = 00:00:22 . Memory (MB): peak = 1488.227 ; gain = 120.148
report_ip_status -name ip_status 
reset_run rdfifo_synth_1
reset_run fifo_generator_0_synth_1
reset_run clk_wiz_0_synth_1
reset_run wrfifo_synth_1
reset_run mig_7series_0_synth_1
reset_run synth_1
launch_runs synth_1 -jobs 16
[Thu Apr 23 13:13:56 2026] Launched rdfifo_synth_1, fifo_generator_0_synth_1, clk_wiz_0_synth_1, wrfifo_synth_1, mig_7series_0_synth_1...
Run output will be captured here:
rdfifo_synth_1: C:/Users/Hello/Desktop/FPGA项目/FPGA-IMAGE-01/UDH/UDH.runs/rdfifo_synth_1/runme.log
fifo_generator_0_synth_1: C:/Users/Hello/Desktop/FPGA项目/FPGA-IMAGE-01/UDH/UDH.runs/fifo_generator_0_synth_1/runme.log
clk_wiz_0_synth_1: C:/Users/Hello/Desktop/FPGA项目/FPGA-IMAGE-01/UDH/UDH.runs/clk_wiz_0_synth_1/runme.log
wrfifo_synth_1: C:/Users/Hello/Desktop/FPGA项目/FPGA-IMAGE-01/UDH/UDH.runs/wrfifo_synth_1/runme.log
mig_7series_0_synth_1: C:/Users/Hello/Desktop/FPGA项目/FPGA-IMAGE-01/UDH/UDH.runs/mig_7series_0_synth_1/runme.log
[Thu Apr 23 13:13:56 2026] Launched synth_1...
Run output will be captured here: C:/Users/Hello/Desktop/FPGA项目/FPGA-IMAGE-01/UDH/UDH.runs/synth_1/runme.log
exit
INFO: [Common 17-206] Exiting Vivado at Thu Apr 23 13:50:02 2026...
